---
source: crates/ruma-events/src/call/member.rs
expression: call_member_ev
---
{
  "application": "m.call",
  "call_id": "",
  "scope": "m.room",
  "m.call.intent": "audio",
  "device_id": "THIS_DEVICE",
  "foci_preferred": [
    {
      "type": "livekit",
      "livekit_alias": "room1",
      "livekit_service_url": "https://livekit1.com"
    }
  ],
  "focus_active": {
    "type": "livekit",
    "focus_selection": "oldest_membership"
  },
  "expires": 14400000
}
